control (eps=0, modest allowed): worst slack -0.1167 over 486 feasible LPs
immodest, full support (eps=0.01): worst slack -0.007775 over 864 feasible LPs
types:
 [[0.     0.     1.    ]
 [0.     0.5431 0.4569]
 [0.1834 0.5649 0.2517]
 [0.208  0.1817 0.6102]
 [0.3036 0.193  0.5034]
 [0.4077 0.2874 0.3048]
 [0.9678 0.0322 0.    ]
 [1.     0.     0.    ]]
menu:
 [[-0.9507  0.0904  0.2185]
 [ 0.411   0.2076 -1.1694]
 [ 0.2128 -1.923   1.5427]]
j: 1
masses m[t,c]:
 [[0.     0.     0.0891]
 [0.     0.035  0.01  ]
 [0.066  0.1685 0.01  ]
 [0.01   0.01   0.01  ]
 [0.01   0.0318 0.01  ]
 [0.0173 0.073  0.0127]
 [0.01   0.01   0.    ]
 [0.4166 0.     0.    ]]
cell marginal: [0.5299 0.3283 0.1418]
EXIT 0
