control (eps=0, modest allowed): worst slack -0.0593 over 444 feasible LPs
immodest, full support (eps=0.01): worst slack -0.044264 over 810 feasible LPs
types:
 [[0.     0.     1.    ]
 [0.1519 0.5484 0.2997]
 [0.1771 0.7921 0.0309]
 [0.1774 0.6686 0.154 ]
 [0.3942 0.2068 0.399 ]
 [0.4739 0.     0.5261]
 [0.676  0.     0.324 ]
 [1.     0.     0.    ]]
menu:
 [[ 1.2207  0.5299 -1.1946]
 [ 0.5068 -1.0432  0.7439]
 [-0.7824 -0.3947  1.6135]]
j: 0
masses m[t,c]:
 [[0.     0.     0.1081]
 [0.0599 0.2161 0.01  ]
 [0.01   0.2567 0.01  ]
 [0.01   0.01   0.01  ]
 [0.01   0.0842 0.0333]
 [0.01   0.     0.0111]
 [0.0209 0.     0.01  ]
 [0.1197 0.     0.    ]]
cell marginal: [0.2405 0.567  0.1925]
EXIT 0
