types (rational):
  t0: ['0', '0', '1']
  t1: ['3/20', '11/20', '3/10']
  t2: ['35/199', '158/199', '6/199']
  t3: ['7/40', '67/100', '31/200']
  t4: ['79/200', '41/200', '2/5']
  t5: ['19/40', '0', '21/40']
  t6: ['27/40', '0', '13/40']
  t7: ['1', '0', '0']
rank of [p_t, 1]: 3 (3 needed for the pair-line system to be complete)
margin 0.01: LP infeasible or tie/unused option
margin 0.005: LP infeasible or tie/unused option
margin 0.002: LP infeasible or tie/unused option
margin 0.001: LP infeasible or tie/unused option
margin 0.0005: LP infeasible or tie/unused option
margin 0.0002: LP infeasible or tie/unused option
margin 0.0: float optimum -0.041421
  MD 100: pair-system exact TT False (min -117/100000), pattern True, slack None
  MD 1000: pair-system exact TT False (min -57/100000), pattern True, slack None
  MD 10000: pair-system exact TT False (min -207/7960796), pattern True, slack None
  MD 100000: pair-system exact TT False (min -3/800000), pattern True, slack None
  MD 1000000: pair-system exact TT False (min -19/22222200), pattern True, slack None
NOT CERTIFIED: no rounding of the LP solution at the rational types passes the exact checks
EXIT 0
