run/wp/corr-value-change/audit-r4-probes/ActValueHfacNeeded.lean:30:55: warning: This simp argument is unused:
  Fintype.sum_unique

Hint: Omit it from the simp argument list.
  simp [Fintype.sum_prod_type, Fintype.sum_u̵n̵i̵q̵u̵e̵,̵ ̵F̵i̵n̵t̵y̵p̵e̵.̵s̵u̵m̵_̵bool]

Note: This linter can be disabled with `set_option linter.unusedSimpArgs false`
run/wp/corr-value-change/audit-r4-probes/ActValueHfacNeeded.lean:30:75: warning: This simp argument is unused:
  Fintype.sum_bool

Hint: Omit it from the simp argument list.
  simp [Fintype.sum_prod_type, Fintype.sum_unique,̵ ̵F̵i̵n̵t̵y̵p̵e̵.̵s̵u̵m̵_̵b̵o̵o̵l̵]

Note: This linter can be disabled with `set_option linter.unusedSimpArgs false`
run/wp/corr-value-change/audit-r4-probes/ActValueHfacNeeded.lean:40:55: warning: This simp argument is unused:
  Fintype.sum_unique

Hint: Omit it from the simp argument list.
  simp [Fintype.sum_prod_type, Fintype.sum_u̵n̵i̵q̵u̵e̵,̵ ̵F̵i̵n̵t̵y̵p̵e̵.̵s̵u̵m̵_̵bool]

Note: This linter can be disabled with `set_option linter.unusedSimpArgs false`
run/wp/corr-value-change/audit-r4-probes/ActValueHfacNeeded.lean:40:75: warning: This simp argument is unused:
  Fintype.sum_bool

Hint: Omit it from the simp argument list.
  simp [Fintype.sum_prod_type, Fintype.sum_unique,̵ ̵F̵i̵n̵t̵y̵p̵e̵.̵s̵u̵m̵_̵b̵o̵o̵l̵]

Note: This linter can be disabled with `set_option linter.unusedSimpArgs false`
run/wp/corr-value-change/audit-r4-probes/ActValueHfacNeeded.lean:41:4: warning: 'norm_num' tactic does nothing

Note: This linter can be disabled with `set_option linter.unusedTactic false`
run/wp/corr-value-change/audit-r4-probes/ActValueHfacNeeded.lean:41:4: warning: this tactic is never executed

Note: This linter can be disabled with `set_option linter.unreachableTactic false`
exit=0
