faf-cleanroom audit: 1 module(s) (subset: stale-OPEN check skipped)
  axioms : 1280 declaration(s); axioms used: ['propext', 'Classical.choice', 'Quot.sound']
  FAIL     OPEN.txt faf-cleanroom-open.5A16p1:183: duplicate entry 'Cleanroom.Bli.BliAssemble.tentOracle_exists'
  FAIL     OPEN.txt faf-cleanroom-open.5A16p1:184: duplicate entry 'Cleanroom.Bli.BliAssemble.tentCertificate'
  FAIL     OPEN.txt faf-cleanroom-open.5A16p1:185: duplicate entry 'Cleanroom.Bli.BliAssemble.bliOv_computableTable'
  FAIL     OPEN.txt faf-cleanroom-open.5A16p1:186: duplicate entry 'Cleanroom.Bli.BliAssemble.bliHistory_isLogicalInductor_of_certificate'
  FAIL     OPEN.txt faf-cleanroom-open.5A16p1:187: duplicate entry 'Cleanroom.Bli.BliAssemble.bliHistory_isLogicalInductor'
  FAIL     OPEN.txt faf-cleanroom-open.5A16p1:188: duplicate entry 'Cleanroom.Bli.BliAssemble.bli_package_paperDP'
  FAIL     OPEN.txt faf-cleanroom-open.5A16p1:199: duplicate entry 'Cleanroom.Bli.BliCoherentMm.omni_fixed_point'
  FAIL     OPEN.txt faf-cleanroom-open.5A16p1:204: duplicate entry 'Cleanroom.Bli.BliExactBase.exactlyEnforceable_allDays'
  FAIL     OPEN.txt faf-cleanroom-open.5A16p1:205: duplicate entry 'Cleanroom.Bli.BliExactBase.worldMarket_exists'
  FAIL     OPEN.txt faf-cleanroom-open.5A16p1:206: duplicate entry 'Cleanroom.Bli.BliExactBase.bundleMarket_LI_exists'
  FAIL     OPEN.txt faf-cleanroom-open.5A16p1:207: duplicate entry 'Cleanroom.Bli.BliExactBase.weakening_exists'
  FAIL     OPEN.txt faf-cleanroom-open.5A16p1:208: duplicate entry 'Cleanroom.Bli.BliExactBase.Segment.linked_segment_day_exists'
  FAIL     OPEN.txt faf-cleanroom-open.5A16p1:209: duplicate entry 'Cleanroom.Bli.BliExactBase.Skel.segmentBli_isLogicalInductor'
  FAIL     OPEN.txt faf-cleanroom-open.5A16p1:249: duplicate entry 'Cleanroom.Bli.BliLeak.leakStream_computable'
  FAIL     OPEN.txt faf-cleanroom-open.5A16p1:250: duplicate entry 'Cleanroom.Bli.BliLeak.leakDP_computable'
  FAIL     OPEN.txt faf-cleanroom-open.5A16p1:251: duplicate entry 'Cleanroom.Bli.BliLeak.leakQ_isLogicalInductor'
  FAIL     OPEN.txt faf-cleanroom-open.5A16p1:252: duplicate entry 'Cleanroom.Bli.BliLeak.leakMarket_computableMarket'
  FAIL     OPEN.txt faf-cleanroom-open.5A16p1:253: duplicate entry 'Cleanroom.Bli.BliLeak.leak_instance_exploits_closed'
  FAIL     OPEN.txt faf-cleanroom-open.5A16p1:254: duplicate entry 'Cleanroom.Bli.BliLeak.leak_instance_not_logicalInductor_closed'
  FAIL     OPEN.txt faf-cleanroom-open.5A16p1:255: duplicate entry 'Cleanroom.Bli.BliLeak.posthoc_transfer_refuted_late'
  FAIL     OPEN.txt faf-cleanroom-open.5A16p1:259: duplicate entry 'Cleanroom.Bli.BliLinkageB.InstanceMoves.leakQ_rounded_price_moves'
  FAIL     OPEN.txt faf-cleanroom-open.5A16p1:271: duplicate entry 'Cleanroom.Bli.BliMeasure.pcB3_isLogicalInductor_open'
  FAIL     OPEN.txt faf-cleanroom-open.5A16p1:272: duplicate entry 'Cleanroom.Bli.BliMeasure.paperB3_isLogicalInductor_open'
  FAIL     OPEN.txt faf-cleanroom-open.5A16p1:283: duplicate entry 'Cleanroom.Bli.BliMeasure.coherentIntrospective_open'
  FAIL     OPEN.txt faf-cleanroom-open.5A16p1:287: duplicate entry 'Cleanroom.Bli.BliMeasure.normWeights_noExploit_open'
  FAIL     OPEN.txt faf-cleanroom-open.5A16p1:299: duplicate entry 'Cleanroom.Bli.BliRvcUi.ui_perDay_open'
  FAIL     OPEN.txt faf-cleanroom-open.5A16p1:300: duplicate entry 'Cleanroom.Bli.BliRvcUi.ui_strict_paper_open'
  FAIL     OPEN.txt faf-cleanroom-open.5A16p1:303: duplicate entry 'Cleanroom.Bli.BliSuperbelief.exists_supportEntry_day_paperDP'
  FAIL     OPEN.txt faf-cleanroom-open.5A16p1:328: duplicate entry 'Cleanroom.Corrigibility.CorrExoTrader.exoHistory_computableMarket_of_ec'
  FAIL     OPEN.txt faf-cleanroom-open.5A16p1:329: duplicate entry 'Cleanroom.Corrigibility.CorrExoTrader.exo_isLogicalInductor_of_boundedLoss'
  FAIL     OPEN.txt faf-cleanroom-open.5A16p1:330: duplicate entry 'Cleanroom.Corrigibility.CorrExoTrader.exo_u_price_converges'
  FAIL     OPEN.txt faf-cleanroom-open.5A16p1:331: duplicate entry 'Cleanroom.Corrigibility.CorrExoTrader.selfCausedInvariant_compatible'
  FAIL     OPEN.txt faf-cleanroom-open.5A16p1:332: duplicate entry 'Cleanroom.Corrigibility.CorrExoTrader.persistent_push_steers'
  FAIL     OPEN.txt faf-cleanroom-open.5A16p1:333: duplicate entry 'Cleanroom.Corrigibility.CorrExoTrader.pushInvariantOver_compatible'
  FAIL     OPEN.txt faf-cleanroom-open.5A16p1:334: duplicate entry 'Cleanroom.Corrigibility.CorrExoTrader.genLic_boundedBelow_pointwise'
  FAIL     OPEN.txt faf-cleanroom-open.5A16p1:336: duplicate entry 'Cleanroom.Corrigibility.CorrExoTrader.constraint_lic_compatible'
  FAIL     OPEN.txt faf-cleanroom-open.5A16p1:337: duplicate entry 'Cleanroom.Corrigibility.CorrExoTrader.pinnedMarket_pushInvariant'
  FAIL     OPEN.txt faf-cleanroom-open.5A16p1:338: duplicate entry 'Cleanroom.Corrigibility.CorrExoTrader.frontRun_witness'
  FAIL     OPEN.txt faf-cleanroom-open.5A16p1:352: duplicate entry 'Cleanroom.Corrigibility.CorrLandscape.Horizon.phiW_supermartStep'
  FAIL     OPEN.txt faf-cleanroom-open.5A16p1:359: duplicate entry 'Cleanroom.Corrigibility.CorrLiShutdown.runningSumRampFeature_pgenerable'
  FAIL     OPEN.txt faf-cleanroom-open.5A16p1:360: duplicate entry 'Cleanroom.Corrigibility.CorrLiShutdown.signedError_unbounded'
  FAIL     OPEN.txt faf-cleanroom-open.5A16p1:361: duplicate entry 'Cleanroom.Corrigibility.CorrLiShutdown.truthStarL_computable_open'
  FAIL     OPEN.txt faf-cleanroom-open.5A16p1:362: duplicate entry 'Cleanroom.Corrigibility.CorrLiShutdown.decidedWeight_factors_open'
  FAIL     OPEN.txt faf-cleanroom-open.5A16p1:367: duplicate entry 'Cleanroom.Corrigibility.CorrOsgChai.POOSG.moreInformative_of_forall_optValue_le'
  FAIL     OPEN.txt faf-cleanroom-open.5A16p1:376: duplicate entry 'Cleanroom.Corrigibility.CorrReflectFrames.universalSelfRefSpace_exists_open'
  FAIL     OPEN.txt faf-cleanroom-open.5A16p1:384: duplicate entry 'Cleanroom.Corrigibility.CorrThreeStepFacts.hullCondition_of_defers'
  FAIL     OPEN.txt faf-cleanroom-open.5A16p1:394: duplicate entry 'Cleanroom.Deference.DefArgmaxValue.truthPrice_frequently_interior'
  FAIL     OPEN.txt faf-cleanroom-open.5A16p1:398: duplicate entry 'Cleanroom.Deference.DefDoseResponse.twoWay_closure_exists'
  FAIL     OPEN.txt faf-cleanroom-open.5A16p1:399: duplicate entry 'Cleanroom.Deference.DefDoseResponse.unrestricted_thinned_forcing'
  FAIL     OPEN.txt faf-cleanroom-open.5A16p1:402: duplicate entry 'Cleanroom.Deference.DefDoseResponse.arm_isLogicalInductor'
  FAIL     OPEN.txt faf-cleanroom-open.5A16p1:403: duplicate entry 'Cleanroom.Deference.DefDoseResponse.armBlind_isLogicalInductor'
  FAIL     OPEN.txt faf-cleanroom-open.5A16p1:404: duplicate entry 'Cleanroom.Deference.DefDoseResponse.armPresence_isLogicalInductor'
  FAIL     OPEN.txt faf-cleanroom-open.5A16p1:405: duplicate entry 'Cleanroom.Deference.DefDoseResponse.paperArm_inductor'
  FAIL     OPEN.txt faf-cleanroom-open.5A16p1:409: duplicate entry 'Cleanroom.Deference.DefFrozenSibling.frozenSystem_exists'
  FAIL     OPEN.txt faf-cleanroom-open.5A16p1:410: duplicate entry 'Cleanroom.Deference.DefFrozenSibling.timely_cofinite_const'
  FAIL     OPEN.txt faf-cleanroom-open.5A16p1:411: duplicate entry 'Cleanroom.Deference.DefFrozenSibling.timely_not_mono_open'
  FAIL     OPEN.txt faf-cleanroom-open.5A16p1:413: duplicate entry 'Cleanroom.Deference.DefFrozenSibling.projection_pair_offG_atom'
  FAIL     OPEN.txt faf-cleanroom-open.5A16p1:414: duplicate entry 'Cleanroom.Deference.DefFrozenSibling.projection_pair_daySet'
  FAIL     OPEN.txt faf-cleanroom-open.5A16p1:415: duplicate entry 'Cleanroom.Deference.DefFrozenSibling.projection_pair_undecidable_contract'
  FAIL     OPEN.txt faf-cleanroom-open.5A16p1:423: duplicate entry 'Cleanroom.Deference.DefObstruction.tracking_bound_fails_some_table'
  FAIL     OPEN.txt faf-cleanroom-open.5A16p1:424: duplicate entry 'Cleanroom.Deference.DefObstruction.le_diagonal_inductor_exists'
  FAIL     OPEN.txt faf-cleanroom-open.5A16p1:427: duplicate entry 'Cleanroom.Deference.DefSelfTrust.selfV_divergent_open'
  FAIL     OPEN.txt faf-cleanroom-open.5A16p1:428: duplicate entry 'Cleanroom.Deference.DefSelfTrust.truthStar_deferred_benford'
  FAIL     OPEN.txt faf-cleanroom-open.5A16p1:442: duplicate entry 'Cleanroom.Deference.DefTrackingPin.relabel_not_inductor'
  FAIL     OPEN.txt faf-cleanroom-open.5A16p1:452: duplicate entry 'Cleanroom.Decision.DpCalibration.testSeq_exists_open'
  FAIL     OPEN.txt faf-cleanroom-open.5A16p1:461: duplicate entry 'Cleanroom.Decision.DpDutchBook.implementable_of_almostFair_open'
  FAIL     OPEN.txt faf-cleanroom-open.5A16p1:463: duplicate entry 'Cleanroom.Decision.DpEdtUdtFair.fairClass_eventTremble_exists_open'
  FAIL     OPEN.txt faf-cleanroom-open.5A16p1:465: duplicate entry 'Cleanroom.Decision.DpFairnessReloc.bisimΔ_of_trEq_of_fairBisimΔ'
  FAIL     OPEN.txt faf-cleanroom-open.5A16p1:466: duplicate entry 'Cleanroom.Decision.DpFairnessReloc.fairTr_imp_fairBisimΔ'
  FAIL     OPEN.txt faf-cleanroom-open.5A16p1:467: duplicate entry 'Cleanroom.Decision.DpFairnessReloc.fairTr_iff_fairBisimΔ'
  FAIL     OPEN.txt faf-cleanroom-open.5A16p1:468: duplicate entry 'Cleanroom.Decision.DpFairnessReloc.bisimΔ_recordsFor_iff'
  FAIL     OPEN.txt faf-cleanroom-open.5A16p1:470: duplicate entry 'Cleanroom.Decision.DpFaithfulUdt.kfold_faithful_iff_affine_normalized_open'
  FAIL     OPEN.txt faf-cleanroom-open.5A16p1:471: duplicate entry 'Cleanroom.Decision.DpFaithfulUdt.kfold_pay_faithful_iff_locus_open'
  FAIL     OPEN.txt faf-cleanroom-open.5A16p1:472: duplicate entry 'Cleanroom.Decision.DpFaithfulUdt.readingS_seq3_open'
  FAIL     OPEN.txt faf-cleanroom-open.5A16p1:473: duplicate entry 'Cleanroom.Decision.DpFaithfulUdt.readingS_seq4_open'
  FAIL     OPEN.txt faf-cleanroom-open.5A16p1:474: duplicate entry 'Cleanroom.Decision.DpFaithfulUdt.strict_bestReply_open'
  FAIL     OPEN.txt faf-cleanroom-open.5A16p1:508: duplicate entry 'Cleanroom.Decision.DpTrollBridge.li_responsive_lesion_open'
  FAIL     OPEN.txt faf-cleanroom-open.5A16p1:509: duplicate entry 'Cleanroom.Decision.DpTrollBridge.flower_liminf_open'
  FAIL     OPEN.txt faf-cleanroom-open.5A16p1:526: duplicate entry 'Cleanroom.Fa.FaAdaptiveJoint.adaptiveBridge'
  FAIL     OPEN.txt faf-cleanroom-open.5A16p1:527: duplicate entry 'Cleanroom.Fa.FaAdaptiveJoint.v3Theorem2_of_jointLegible'
  FAIL     OPEN.txt faf-cleanroom-open.5A16p1:528: duplicate entry 'Cleanroom.Fa.FaAdaptiveJoint.v3Corollary2_dominates'
  FAIL     OPEN.txt faf-cleanroom-open.5A16p1:529: duplicate entry 'Cleanroom.Fa.FaAdaptiveJoint.v3Corollary3_eventually_zero'
  FAIL     OPEN.txt faf-cleanroom-open.5A16p1:530: duplicate entry 'Cleanroom.Fa.FaAdaptiveJoint.v3Theorem2_strictAlternation'
  FAIL     OPEN.txt faf-cleanroom-open.5A16p1:531: duplicate entry 'Cleanroom.Fa.FaAdaptiveJoint.jointClearingPair_exists'
  FAIL     OPEN.txt faf-cleanroom-open.5A16p1:533: duplicate entry 'Cleanroom.Fa.FaDelayBsi.deficit_bound_open'
  FAIL     OPEN.txt faf-cleanroom-open.5A16p1:534: duplicate entry 'Cleanroom.Fa.FaDelayBsi.frozen_divergent_pair_open'
  FAIL     OPEN.txt faf-cleanroom-open.5A16p1:535: duplicate entry 'Cleanroom.Fa.FaDelayBsi.factoring_of_determined_gate_open'
  FAIL     OPEN.txt faf-cleanroom-open.5A16p1:536: duplicate entry 'Cleanroom.Fa.FaDelayBsi.deckTT_self_luv_open'
  FAIL     OPEN.txt faf-cleanroom-open.5A16p1:544: duplicate entry 'Cleanroom.Fa.FaEisenstatConj.inductor_half_noExploit'
  FAIL     OPEN.txt faf-cleanroom-open.5A16p1:545: duplicate entry 'Cleanroom.Fa.FaEisenstatConj.inductor_half'
  FAIL     OPEN.txt faf-cleanroom-open.5A16p1:546: duplicate entry 'Cleanroom.Fa.FaEisenstatConj.inductor_half_w1'
  FAIL     OPEN.txt faf-cleanroom-open.5A16p1:547: duplicate entry 'Cleanroom.Fa.FaEisenstatConj.gen_honestQuote_noFeedback_w1'
  FAIL     OPEN.txt faf-cleanroom-open.5A16p1:548: duplicate entry 'Cleanroom.Fa.FaEisenstatConj.fallback_evenDays_noExploit'
  FAIL     OPEN.txt faf-cleanroom-open.5A16p1:549: duplicate entry 'Cleanroom.Fa.FaEisenstatConj.fallback_evenDays_w1'
  FAIL     OPEN.txt faf-cleanroom-open.5A16p1:550: duplicate entry 'Cleanroom.Fa.FaEisenstatConj.samPair_beh_seq'
  FAIL     OPEN.txt faf-cleanroom-open.5A16p1:551: duplicate entry 'Cleanroom.Fa.FaEisenstatConj.samPair_beh'
  FAIL     OPEN.txt faf-cleanroom-open.5A16p1:552: duplicate entry 'Cleanroom.Fa.FaEisenstatConj.samPair_trust_half'
  FAIL     OPEN.txt faf-cleanroom-open.5A16p1:553: duplicate entry 'Cleanroom.Fa.FaEisenstatConj.samPair_exists'
  FAIL     OPEN.txt faf-cleanroom-open.5A16p1:562: duplicate entry 'Cleanroom.Fa.FaForcingTrader.A.exists_twoMarket_legible_pair'
  FAIL     OPEN.txt faf-cleanroom-open.5A16p1:563: duplicate entry 'Cleanroom.Fa.FaForcingTrader.exists_twoMarket_legible_pair'
  FAIL     OPEN.txt faf-cleanroom-open.5A16p1:564: duplicate entry 'Cleanroom.Fa.FaForcingTrader.B.exists_twoMarket_legible_pair'
  FAIL     OPEN.txt faf-cleanroom-open.5A16p1:565: duplicate entry 'Cleanroom.Fa.FaForcingTrader.B.exists_gridCertificate_of_marketComputation'
  FAIL     OPEN.txt faf-cleanroom-open.5A16p1:566: duplicate entry 'Cleanroom.Fa.FaForcingTrader.exists_gridCertificate_of_marketComputation'
  FAIL     OPEN.txt faf-cleanroom-open.5A16p1:567: duplicate entry 'Cleanroom.Fa.FaForcingTrader.exists_twoMarket_legible_pair_genuine'
  FAIL     OPEN.txt faf-cleanroom-open.5A16p1:576: duplicate entry 'Cleanroom.Info.InfoVoiLatents.Open.natural_latents_approx'
  FAIL     OPEN.txt faf-cleanroom-open.5A16p1:577: duplicate entry 'Cleanroom.Info.InfoVoiLatents.Open.entropy_continuity'
  FAIL     OPEN.txt faf-cleanroom-open.5A16p1:581: duplicate entry 'Cleanroom.Trust.LegitLiRegister.horizon_idleness_grade_a_open'
  FAIL     OPEN.txt faf-cleanroom-open.5A16p1:582: duplicate entry 'Cleanroom.Trust.LegitLiRegister.horizon_idleness_fails_exists_open'
  FAIL     OPEN.txt faf-cleanroom-open.5A16p1:584: duplicate entry 'Cleanroom.Trust.LegitLiRegister.trace_nonrecoverable_li_open'
  FAIL     OPEN.txt faf-cleanroom-open.5A16p1:585: duplicate entry 'Cleanroom.Trust.LegitLiRegister.d3_identification_admissible_open'
  FAIL     OPEN.txt faf-cleanroom-open.5A16p1:586: duplicate entry 'Cleanroom.Trust.LegitLiRegister.schedule_leak_open'
  FAIL     OPEN.txt faf-cleanroom-open.5A16p1:587: duplicate entry 'Cleanroom.Trust.LegitLiRegister.gatedUpdate_fails_at_truthStar_open'
  FAIL     OPEN.txt faf-cleanroom-open.5A16p1:588: duplicate entry 'Cleanroom.Trust.LegitLiRegister.corrigible_selection_closure_open'
  FAIL     OPEN.txt faf-cleanroom-open.5A16p1:627: duplicate entry 'Cleanroom.Li.LiCoupledPair.A.twoWayPair_exists'
  FAIL     OPEN.txt faf-cleanroom-open.5A16p1:628: duplicate entry 'Cleanroom.Li.LiCoupledPair.twoWayPair_exists'
  FAIL     OPEN.txt faf-cleanroom-open.5A16p1:629: duplicate entry 'Cleanroom.Li.LiCoupledPair.A.sealedSystem_exists'
  FAIL     OPEN.txt faf-cleanroom-open.5A16p1:630: duplicate entry 'Cleanroom.Li.LiCoupledPair.sealedSystem_exists'
  FAIL     OPEN.txt faf-cleanroom-open.5A16p1:631: duplicate entry 'Cleanroom.Li.LiCoupledPair.B.exists_fuelDominated'
  FAIL     OPEN.txt faf-cleanroom-open.5A16p1:633: duplicate entry 'Cleanroom.Li.LiDiagonal.diagonal_sides_pseudorandom'
  FAIL     OPEN.txt faf-cleanroom-open.5A16p1:634: duplicate entry 'Cleanroom.Li.LiDiagonal.paper_kleene_exact_pinning'
  FAIL     OPEN.txt faf-cleanroom-open.5A16p1:635: duplicate entry 'Cleanroom.Li.LiDiagonal.blind_baseline_of_computable'
  FAIL     OPEN.txt faf-cleanroom-open.5A16p1:638: duplicate entry 'Cleanroom.Li.LiProjection.mirrorStreamRewriter'
  FAIL     OPEN.txt faf-cleanroom-open.5A16p1:639: duplicate entry 'Cleanroom.Li.LiProjection.affineComboRewriter'
  FAIL     OPEN.txt faf-cleanroom-open.5A16p1:641: duplicate entry 'Cleanroom.Li.LiProjection.project_isLogicalInductor'
  FAIL     OPEN.txt faf-cleanroom-open.5A16p1:642: duplicate entry 'Cleanroom.Li.LiProjection.project_const_isLogicalInductor'
  FAIL     OPEN.txt faf-cleanroom-open.5A16p1:643: duplicate entry 'Cleanroom.Li.LiProjection.underdetermination_fresh_atom'
  FAIL     OPEN.txt faf-cleanroom-open.5A16p1:644: duplicate entry 'Cleanroom.Li.LiProjection.underdetermination_fresh_atom_exists'
  FAIL     OPEN.txt faf-cleanroom-open.5A16p1:645: duplicate entry 'Cleanroom.Li.LiProjection.underdetermination_ledger'
  FAIL     OPEN.txt faf-cleanroom-open.5A16p1:646: duplicate entry 'Cleanroom.Li.LiProjection.underdetermination_daySet'
  FAIL     OPEN.txt faf-cleanroom-open.5A16p1:647: duplicate entry 'Cleanroom.Li.LiProjection.achievable_limits_fresh_atom_rat'
  FAIL     OPEN.txt faf-cleanroom-open.5A16p1:648: duplicate entry 'Cleanroom.Li.LiProjection.jeffrey_steering_finiteJumps'
  FAIL     OPEN.txt faf-cleanroom-open.5A16p1:649: duplicate entry 'Cleanroom.Li.LiProjection.paperProjection'
  FAIL     OPEN.txt faf-cleanroom-open.5A16p1:650: duplicate entry 'Cleanroom.Li.LiProjection.liaProjection'
  FAIL     OPEN.txt faf-cleanroom-open.5A16p1:651: duplicate entry 'Cleanroom.Li.LiProjection.paperLedgerProjection'
  FAIL     OPEN.txt faf-cleanroom-open.5A16p1:652: duplicate entry 'Cleanroom.Li.LiProjection.paperAchievableLimits'
  FAIL     OPEN.txt faf-cleanroom-open.5A16p1:653: duplicate entry 'Cleanroom.Li.LiProjection.u1_u2_inductor'
  FAIL     OPEN.txt faf-cleanroom-open.5A16p1:654: duplicate entry 'Cleanroom.Li.LiProjection.paperU1U2'
  FAIL     OPEN.txt faf-cleanroom-open.5A16p1:655: duplicate entry 'Cleanroom.Li.LiProjection.paperU1U2_half_sameDay'
  FAIL     OPEN.txt faf-cleanroom-open.5A16p1:658: duplicate entry 'Cleanroom.Li.LiProjection.numeralSubst_code_computable'
  FAIL     OPEN.txt faf-cleanroom-open.5A16p1:659: duplicate entry 'Cleanroom.Li.LiProjection.conditioned_record_not_injective'
  FAIL     OPEN.txt faf-cleanroom-open.5A16p1:660: duplicate entry 'Cleanroom.Li.LiProjection.conditioned_limitRecord_not_injective'
  FAIL     OPEN.txt faf-cleanroom-open.5A16p1:661: duplicate entry 'Cleanroom.Li.LiProjection.prescribe_prefix_exists'
  FAIL     OPEN.txt faf-cleanroom-open.5A16p1:662: duplicate entry 'Cleanroom.Li.LiProjection.multiplicity_entangled'
  FAIL     OPEN.txt faf-cleanroom-open.5A16p1:663: duplicate entry 'Cleanroom.Li.LiProjection.exact_marginal_exists'
  FAIL     OPEN.txt faf-cleanroom-open.5A16p1:664: duplicate entry 'Cleanroom.Li.LiProjection.finiteVariation_projection'
  FAIL     OPEN.txt faf-cleanroom-open.5A16p1:665: duplicate entry 'Cleanroom.Li.LiProjection.twoAtom_projection_exists'
  FAIL     OPEN.txt faf-cleanroom-open.5A16p1:670: duplicate entry 'Cleanroom.Li.LiPseudorandom.truthStar_computable'
  FAIL     OPEN.txt faf-cleanroom-open.5A16p1:671: duplicate entry 'Cleanroom.Li.LiPseudorandom.starDP_computable'
  FAIL     OPEN.txt faf-cleanroom-open.5A16p1:672: duplicate entry 'Cleanroom.Li.LiPseudorandom.truthStar_isLogicalInductor'
  FAIL     OPEN.txt faf-cleanroom-open.5A16p1:673: duplicate entry 'Cleanroom.Li.LiPseudorandom.truthStar_learned_of_computable'
  FAIL     OPEN.txt faf-cleanroom-open.5A16p1:676: duplicate entry 'Cleanroom.Found.LiQuoteLane.readability_fails_without_generability'
  FAIL     OPEN.txt faf-cleanroom-open.5A16p1:679: duplicate entry 'Cleanroom.Li.LiSpliceCondition.paperSplice_components_isLogicalInductor'
  FAIL     OPEN.txt faf-cleanroom-open.5A16p1:680: duplicate entry 'Cleanroom.Li.LiSpliceCondition.undecided_limit_is_prior_inductors'
  FAIL     OPEN.txt faf-cleanroom-open.5A16p1:682: duplicate entry 'Cleanroom.Li.LiSpliceCondition.translateStreamRewriter'
  FAIL     OPEN.txt faf-cleanroom-open.5A16p1:683: duplicate entry 'Cleanroom.Li.LiSpliceCondition.zeroOut_isLogicalInductor'
  FAIL     OPEN.txt faf-cleanroom-open.5A16p1:684: duplicate entry 'Cleanroom.Li.LiSpliceCondition.reprice_isLogicalInductor'
  FAIL     OPEN.txt faf-cleanroom-open.5A16p1:685: duplicate entry 'Cleanroom.Li.LiSpliceCondition.paperZeroOut'
  FAIL     OPEN.txt faf-cleanroom-open.5A16p1:686: duplicate entry 'Cleanroom.Li.LiSpliceCondition.paperReprice'
  FAIL     OPEN.txt faf-cleanroom-open.5A16p1:687: duplicate entry 'Cleanroom.Li.LiSpliceCondition.exists_inductor_pair_harmonic_disagreement'
  FAIL     OPEN.txt faf-cleanroom-open.5A16p1:688: duplicate entry 'Cleanroom.Li.LiSpliceCondition.exists_inductor_pos_on_refuted'
  FAIL     OPEN.txt faf-cleanroom-open.5A16p1:689: duplicate entry 'Cleanroom.Li.LiSpliceCondition.stale_finite_isLogicalInductor'
  FAIL     OPEN.txt faf-cleanroom-open.5A16p1:690: duplicate entry 'Cleanroom.Li.LiSpliceCondition.stale_infinite_isLogicalInductor'
  FAIL     OPEN.txt faf-cleanroom-open.5A16p1:692: duplicate entry 'Cleanroom.Li.LiSpliceCondition.truth_price_apart_iff_undecided'
  FAIL     OPEN.txt faf-cleanroom-open.5A16p1:693: duplicate entry 'Cleanroom.Li.LiSpliceCondition.ccLimit_realizedValue_summable'
  FAIL     OPEN.txt faf-cleanroom-open.5A16p1:694: duplicate entry 'Cleanroom.Li.LiSpliceCondition.splice_summable_conjecture'
  FAIL     OPEN.txt faf-cleanroom-open.5A16p1:697: duplicate entry 'Cleanroom.Lit.LitDdbFacts.prior_trust_value_all_nested_open'
  FAIL     OPEN.txt faf-cleanroom-open.5A16p1:699: duplicate entry 'Cleanroom.Lit.LitMdpCorrigible.Interrupt.thm8_sequence_form'
  FAIL     OPEN.txt faf-cleanroom-open.5A16p1:702: duplicate entry 'Cleanroom.Lit.LitShutdownPrefs.PostConsistency.posl_ilpacs_nontrivial_model_open'
  FAIL     OPEN.txt faf-cleanroom-open.5A16p1:704: duplicate entry 'Cleanroom.Lit.LitWeathersonFrames.totalTrust_imp_valueFinBdd_open'
  FAIL     OPEN.txt faf-cleanroom-open.5A16p1:707: duplicate entry 'Cleanroom.Trust.TrustMerge.li_aumann_failure_open'
  FAIL     OPEN.txt faf-cleanroom-open.5A16p1:708: duplicate entry 'Cleanroom.Trust.TrustMerge.li_nontransitivity_open'
  FAIL     OPEN.txt faf-cleanroom-open.5A16p1:798: duplicate entry 'Cleanroom.Udt.UdtInfluence101.ProfileModel.A5_ofDist_general'
  FAIL     OPEN.txt faf-cleanroom-open.5A16p1:807: duplicate entry 'Cleanroom.Udt.UdtSupercondition.geometricUpdate_klDiv_open'
  FAIL     OPEN.txt faf-cleanroom-open.5A16p1:808: duplicate entry 'Cleanroom.Uea.UeaColeShadow.Model.theoremC_log_open'
  FAIL     OPEN.txt faf-cleanroom-open.5A16p1:809: duplicate entry 'Cleanroom.Uea.UeaColeShadow.Model.pure_exists_open'
  FAIL     OPEN.txt faf-cleanroom-open.5A16p1:810: duplicate entry 'Cleanroom.Uea.UeaColeShadow.Model.pure_floored_exists_open'
  FAIL     OPEN.txt faf-cleanroom-open.5A16p1:811: duplicate entry 'Cleanroom.Uea.UeaSelfGame.Game.inclusion_open'
  FAIL     OPEN.txt faf-cleanroom-open.5A16p1:812: duplicate entry 'Cleanroom.Uea.UeaSelfGame.Game.floored_mixed_bound_open'
FAIL
EXIT 1
