faf-cleanroom audit: 1 module(s) (subset: stale-OPEN check skipped)
  axioms : 1280 declaration(s); axioms used: ['propext', 'Classical.choice', 'Quot.sound']
  FAIL     OPEN.txt faf-cleanroom-open.V20aZm:183: duplicate entry 'Cleanroom.Bli.BliAssemble.tentOracle_exists'
  FAIL     OPEN.txt faf-cleanroom-open.V20aZm:184: duplicate entry 'Cleanroom.Bli.BliAssemble.tentCertificate'
  FAIL     OPEN.txt faf-cleanroom-open.V20aZm:185: duplicate entry 'Cleanroom.Bli.BliAssemble.bliOv_computableTable'
  FAIL     OPEN.txt faf-cleanroom-open.V20aZm:186: duplicate entry 'Cleanroom.Bli.BliAssemble.bliHistory_isLogicalInductor_of_certificate'
  FAIL     OPEN.txt faf-cleanroom-open.V20aZm:187: duplicate entry 'Cleanroom.Bli.BliAssemble.bliHistory_isLogicalInductor'
  FAIL     OPEN.txt faf-cleanroom-open.V20aZm:188: duplicate entry 'Cleanroom.Bli.BliAssemble.bli_package_paperDP'
  FAIL     OPEN.txt faf-cleanroom-open.V20aZm:199: duplicate entry 'Cleanroom.Bli.BliCoherentMm.omni_fixed_point'
  FAIL     OPEN.txt faf-cleanroom-open.V20aZm:204: duplicate entry 'Cleanroom.Bli.BliExactBase.exactlyEnforceable_allDays'
  FAIL     OPEN.txt faf-cleanroom-open.V20aZm:205: duplicate entry 'Cleanroom.Bli.BliExactBase.worldMarket_exists'
  FAIL     OPEN.txt faf-cleanroom-open.V20aZm:206: duplicate entry 'Cleanroom.Bli.BliExactBase.bundleMarket_LI_exists'
  FAIL     OPEN.txt faf-cleanroom-open.V20aZm:207: duplicate entry 'Cleanroom.Bli.BliExactBase.weakening_exists'
  FAIL     OPEN.txt faf-cleanroom-open.V20aZm:208: duplicate entry 'Cleanroom.Bli.BliExactBase.Segment.linked_segment_day_exists'
  FAIL     OPEN.txt faf-cleanroom-open.V20aZm:209: duplicate entry 'Cleanroom.Bli.BliExactBase.Skel.segmentBli_isLogicalInductor'
  FAIL     OPEN.txt faf-cleanroom-open.V20aZm:249: duplicate entry 'Cleanroom.Bli.BliLeak.leakStream_computable'
  FAIL     OPEN.txt faf-cleanroom-open.V20aZm:250: duplicate entry 'Cleanroom.Bli.BliLeak.leakDP_computable'
  FAIL     OPEN.txt faf-cleanroom-open.V20aZm:251: duplicate entry 'Cleanroom.Bli.BliLeak.leakQ_isLogicalInductor'
  FAIL     OPEN.txt faf-cleanroom-open.V20aZm:252: duplicate entry 'Cleanroom.Bli.BliLeak.leakMarket_computableMarket'
  FAIL     OPEN.txt faf-cleanroom-open.V20aZm:253: duplicate entry 'Cleanroom.Bli.BliLeak.leak_instance_exploits_closed'
  FAIL     OPEN.txt faf-cleanroom-open.V20aZm:254: duplicate entry 'Cleanroom.Bli.BliLeak.leak_instance_not_logicalInductor_closed'
  FAIL     OPEN.txt faf-cleanroom-open.V20aZm:255: duplicate entry 'Cleanroom.Bli.BliLeak.posthoc_transfer_refuted_late'
  FAIL     OPEN.txt faf-cleanroom-open.V20aZm:259: duplicate entry 'Cleanroom.Bli.BliLinkageB.InstanceMoves.leakQ_rounded_price_moves'
  FAIL     OPEN.txt faf-cleanroom-open.V20aZm:271: duplicate entry 'Cleanroom.Bli.BliMeasure.pcB3_isLogicalInductor_open'
  FAIL     OPEN.txt faf-cleanroom-open.V20aZm:272: duplicate entry 'Cleanroom.Bli.BliMeasure.paperB3_isLogicalInductor_open'
  FAIL     OPEN.txt faf-cleanroom-open.V20aZm:283: duplicate entry 'Cleanroom.Bli.BliMeasure.coherentIntrospective_open'
  FAIL     OPEN.txt faf-cleanroom-open.V20aZm:287: duplicate entry 'Cleanroom.Bli.BliMeasure.normWeights_noExploit_open'
  FAIL     OPEN.txt faf-cleanroom-open.V20aZm:299: duplicate entry 'Cleanroom.Bli.BliRvcUi.ui_perDay_open'
  FAIL     OPEN.txt faf-cleanroom-open.V20aZm:300: duplicate entry 'Cleanroom.Bli.BliRvcUi.ui_strict_paper_open'
  FAIL     OPEN.txt faf-cleanroom-open.V20aZm:303: duplicate entry 'Cleanroom.Bli.BliSuperbelief.exists_supportEntry_day_paperDP'
  FAIL     OPEN.txt faf-cleanroom-open.V20aZm:328: duplicate entry 'Cleanroom.Corrigibility.CorrExoTrader.exoHistory_computableMarket_of_ec'
  FAIL     OPEN.txt faf-cleanroom-open.V20aZm:329: duplicate entry 'Cleanroom.Corrigibility.CorrExoTrader.exo_isLogicalInductor_of_boundedLoss'
  FAIL     OPEN.txt faf-cleanroom-open.V20aZm:330: duplicate entry 'Cleanroom.Corrigibility.CorrExoTrader.exo_u_price_converges'
  FAIL     OPEN.txt faf-cleanroom-open.V20aZm:331: duplicate entry 'Cleanroom.Corrigibility.CorrExoTrader.selfCausedInvariant_compatible'
  FAIL     OPEN.txt faf-cleanroom-open.V20aZm:332: duplicate entry 'Cleanroom.Corrigibility.CorrExoTrader.persistent_push_steers'
  FAIL     OPEN.txt faf-cleanroom-open.V20aZm:333: duplicate entry 'Cleanroom.Corrigibility.CorrExoTrader.pushInvariantOver_compatible'
  FAIL     OPEN.txt faf-cleanroom-open.V20aZm:334: duplicate entry 'Cleanroom.Corrigibility.CorrExoTrader.genLic_boundedBelow_pointwise'
  FAIL     OPEN.txt faf-cleanroom-open.V20aZm:336: duplicate entry 'Cleanroom.Corrigibility.CorrExoTrader.constraint_lic_compatible'
  FAIL     OPEN.txt faf-cleanroom-open.V20aZm:337: duplicate entry 'Cleanroom.Corrigibility.CorrExoTrader.pinnedMarket_pushInvariant'
  FAIL     OPEN.txt faf-cleanroom-open.V20aZm:338: duplicate entry 'Cleanroom.Corrigibility.CorrExoTrader.frontRun_witness'
  FAIL     OPEN.txt faf-cleanroom-open.V20aZm:352: duplicate entry 'Cleanroom.Corrigibility.CorrLandscape.Horizon.phiW_supermartStep'
  FAIL     OPEN.txt faf-cleanroom-open.V20aZm:359: duplicate entry 'Cleanroom.Corrigibility.CorrLiShutdown.runningSumRampFeature_pgenerable'
  FAIL     OPEN.txt faf-cleanroom-open.V20aZm:360: duplicate entry 'Cleanroom.Corrigibility.CorrLiShutdown.signedError_unbounded'
  FAIL     OPEN.txt faf-cleanroom-open.V20aZm:361: duplicate entry 'Cleanroom.Corrigibility.CorrLiShutdown.truthStarL_computable_open'
  FAIL     OPEN.txt faf-cleanroom-open.V20aZm:362: duplicate entry 'Cleanroom.Corrigibility.CorrLiShutdown.decidedWeight_factors_open'
  FAIL     OPEN.txt faf-cleanroom-open.V20aZm:367: duplicate entry 'Cleanroom.Corrigibility.CorrOsgChai.POOSG.moreInformative_of_forall_optValue_le'
  FAIL     OPEN.txt faf-cleanroom-open.V20aZm:376: duplicate entry 'Cleanroom.Corrigibility.CorrReflectFrames.universalSelfRefSpace_exists_open'
  FAIL     OPEN.txt faf-cleanroom-open.V20aZm:384: duplicate entry 'Cleanroom.Corrigibility.CorrThreeStepFacts.hullCondition_of_defers'
  FAIL     OPEN.txt faf-cleanroom-open.V20aZm:394: duplicate entry 'Cleanroom.Deference.DefArgmaxValue.truthPrice_frequently_interior'
  FAIL     OPEN.txt faf-cleanroom-open.V20aZm:398: duplicate entry 'Cleanroom.Deference.DefDoseResponse.twoWay_closure_exists'
  FAIL     OPEN.txt faf-cleanroom-open.V20aZm:399: duplicate entry 'Cleanroom.Deference.DefDoseResponse.unrestricted_thinned_forcing'
  FAIL     OPEN.txt faf-cleanroom-open.V20aZm:402: duplicate entry 'Cleanroom.Deference.DefDoseResponse.arm_isLogicalInductor'
  FAIL     OPEN.txt faf-cleanroom-open.V20aZm:403: duplicate entry 'Cleanroom.Deference.DefDoseResponse.armBlind_isLogicalInductor'
  FAIL     OPEN.txt faf-cleanroom-open.V20aZm:404: duplicate entry 'Cleanroom.Deference.DefDoseResponse.armPresence_isLogicalInductor'
  FAIL     OPEN.txt faf-cleanroom-open.V20aZm:405: duplicate entry 'Cleanroom.Deference.DefDoseResponse.paperArm_inductor'
  FAIL     OPEN.txt faf-cleanroom-open.V20aZm:409: duplicate entry 'Cleanroom.Deference.DefFrozenSibling.frozenSystem_exists'
  FAIL     OPEN.txt faf-cleanroom-open.V20aZm:410: duplicate entry 'Cleanroom.Deference.DefFrozenSibling.timely_cofinite_const'
  FAIL     OPEN.txt faf-cleanroom-open.V20aZm:411: duplicate entry 'Cleanroom.Deference.DefFrozenSibling.timely_not_mono_open'
  FAIL     OPEN.txt faf-cleanroom-open.V20aZm:413: duplicate entry 'Cleanroom.Deference.DefFrozenSibling.projection_pair_offG_atom'
  FAIL     OPEN.txt faf-cleanroom-open.V20aZm:414: duplicate entry 'Cleanroom.Deference.DefFrozenSibling.projection_pair_daySet'
  FAIL     OPEN.txt faf-cleanroom-open.V20aZm:415: duplicate entry 'Cleanroom.Deference.DefFrozenSibling.projection_pair_undecidable_contract'
  FAIL     OPEN.txt faf-cleanroom-open.V20aZm:423: duplicate entry 'Cleanroom.Deference.DefObstruction.tracking_bound_fails_some_table'
  FAIL     OPEN.txt faf-cleanroom-open.V20aZm:424: duplicate entry 'Cleanroom.Deference.DefObstruction.le_diagonal_inductor_exists'
  FAIL     OPEN.txt faf-cleanroom-open.V20aZm:427: duplicate entry 'Cleanroom.Deference.DefSelfTrust.selfV_divergent_open'
  FAIL     OPEN.txt faf-cleanroom-open.V20aZm:428: duplicate entry 'Cleanroom.Deference.DefSelfTrust.truthStar_deferred_benford'
  FAIL     OPEN.txt faf-cleanroom-open.V20aZm:442: duplicate entry 'Cleanroom.Deference.DefTrackingPin.relabel_not_inductor'
  FAIL     OPEN.txt faf-cleanroom-open.V20aZm:452: duplicate entry 'Cleanroom.Decision.DpCalibration.testSeq_exists_open'
  FAIL     OPEN.txt faf-cleanroom-open.V20aZm:461: duplicate entry 'Cleanroom.Decision.DpDutchBook.implementable_of_almostFair_open'
  FAIL     OPEN.txt faf-cleanroom-open.V20aZm:463: duplicate entry 'Cleanroom.Decision.DpEdtUdtFair.fairClass_eventTremble_exists_open'
  FAIL     OPEN.txt faf-cleanroom-open.V20aZm:465: duplicate entry 'Cleanroom.Decision.DpFairnessReloc.bisimΔ_of_trEq_of_fairBisimΔ'
  FAIL     OPEN.txt faf-cleanroom-open.V20aZm:466: duplicate entry 'Cleanroom.Decision.DpFairnessReloc.fairTr_imp_fairBisimΔ'
  FAIL     OPEN.txt faf-cleanroom-open.V20aZm:467: duplicate entry 'Cleanroom.Decision.DpFairnessReloc.fairTr_iff_fairBisimΔ'
  FAIL     OPEN.txt faf-cleanroom-open.V20aZm:468: duplicate entry 'Cleanroom.Decision.DpFairnessReloc.bisimΔ_recordsFor_iff'
  FAIL     OPEN.txt faf-cleanroom-open.V20aZm:470: duplicate entry 'Cleanroom.Decision.DpFaithfulUdt.kfold_faithful_iff_affine_normalized_open'
  FAIL     OPEN.txt faf-cleanroom-open.V20aZm:471: duplicate entry 'Cleanroom.Decision.DpFaithfulUdt.kfold_pay_faithful_iff_locus_open'
  FAIL     OPEN.txt faf-cleanroom-open.V20aZm:472: duplicate entry 'Cleanroom.Decision.DpFaithfulUdt.readingS_seq3_open'
  FAIL     OPEN.txt faf-cleanroom-open.V20aZm:473: duplicate entry 'Cleanroom.Decision.DpFaithfulUdt.readingS_seq4_open'
  FAIL     OPEN.txt faf-cleanroom-open.V20aZm:474: duplicate entry 'Cleanroom.Decision.DpFaithfulUdt.strict_bestReply_open'
  FAIL     OPEN.txt faf-cleanroom-open.V20aZm:508: duplicate entry 'Cleanroom.Decision.DpTrollBridge.li_responsive_lesion_open'
  FAIL     OPEN.txt faf-cleanroom-open.V20aZm:509: duplicate entry 'Cleanroom.Decision.DpTrollBridge.flower_liminf_open'
  FAIL     OPEN.txt faf-cleanroom-open.V20aZm:526: duplicate entry 'Cleanroom.Fa.FaAdaptiveJoint.adaptiveBridge'
  FAIL     OPEN.txt faf-cleanroom-open.V20aZm:527: duplicate entry 'Cleanroom.Fa.FaAdaptiveJoint.v3Theorem2_of_jointLegible'
  FAIL     OPEN.txt faf-cleanroom-open.V20aZm:528: duplicate entry 'Cleanroom.Fa.FaAdaptiveJoint.v3Corollary2_dominates'
  FAIL     OPEN.txt faf-cleanroom-open.V20aZm:529: duplicate entry 'Cleanroom.Fa.FaAdaptiveJoint.v3Corollary3_eventually_zero'
  FAIL     OPEN.txt faf-cleanroom-open.V20aZm:530: duplicate entry 'Cleanroom.Fa.FaAdaptiveJoint.v3Theorem2_strictAlternation'
  FAIL     OPEN.txt faf-cleanroom-open.V20aZm:531: duplicate entry 'Cleanroom.Fa.FaAdaptiveJoint.jointClearingPair_exists'
  FAIL     OPEN.txt faf-cleanroom-open.V20aZm:533: duplicate entry 'Cleanroom.Fa.FaDelayBsi.deficit_bound_open'
  FAIL     OPEN.txt faf-cleanroom-open.V20aZm:534: duplicate entry 'Cleanroom.Fa.FaDelayBsi.frozen_divergent_pair_open'
  FAIL     OPEN.txt faf-cleanroom-open.V20aZm:535: duplicate entry 'Cleanroom.Fa.FaDelayBsi.factoring_of_determined_gate_open'
  FAIL     OPEN.txt faf-cleanroom-open.V20aZm:536: duplicate entry 'Cleanroom.Fa.FaDelayBsi.deckTT_self_luv_open'
  FAIL     OPEN.txt faf-cleanroom-open.V20aZm:544: duplicate entry 'Cleanroom.Fa.FaEisenstatConj.inductor_half_noExploit'
  FAIL     OPEN.txt faf-cleanroom-open.V20aZm:545: duplicate entry 'Cleanroom.Fa.FaEisenstatConj.inductor_half'
  FAIL     OPEN.txt faf-cleanroom-open.V20aZm:546: duplicate entry 'Cleanroom.Fa.FaEisenstatConj.inductor_half_w1'
  FAIL     OPEN.txt faf-cleanroom-open.V20aZm:547: duplicate entry 'Cleanroom.Fa.FaEisenstatConj.gen_honestQuote_noFeedback_w1'
  FAIL     OPEN.txt faf-cleanroom-open.V20aZm:548: duplicate entry 'Cleanroom.Fa.FaEisenstatConj.fallback_evenDays_noExploit'
  FAIL     OPEN.txt faf-cleanroom-open.V20aZm:549: duplicate entry 'Cleanroom.Fa.FaEisenstatConj.fallback_evenDays_w1'
  FAIL     OPEN.txt faf-cleanroom-open.V20aZm:550: duplicate entry 'Cleanroom.Fa.FaEisenstatConj.samPair_beh_seq'
  FAIL     OPEN.txt faf-cleanroom-open.V20aZm:551: duplicate entry 'Cleanroom.Fa.FaEisenstatConj.samPair_beh'
  FAIL     OPEN.txt faf-cleanroom-open.V20aZm:552: duplicate entry 'Cleanroom.Fa.FaEisenstatConj.samPair_trust_half'
  FAIL     OPEN.txt faf-cleanroom-open.V20aZm:553: duplicate entry 'Cleanroom.Fa.FaEisenstatConj.samPair_exists'
  FAIL     OPEN.txt faf-cleanroom-open.V20aZm:562: duplicate entry 'Cleanroom.Fa.FaForcingTrader.A.exists_twoMarket_legible_pair'
  FAIL     OPEN.txt faf-cleanroom-open.V20aZm:563: duplicate entry 'Cleanroom.Fa.FaForcingTrader.exists_twoMarket_legible_pair'
  FAIL     OPEN.txt faf-cleanroom-open.V20aZm:564: duplicate entry 'Cleanroom.Fa.FaForcingTrader.B.exists_twoMarket_legible_pair'
  FAIL     OPEN.txt faf-cleanroom-open.V20aZm:565: duplicate entry 'Cleanroom.Fa.FaForcingTrader.B.exists_gridCertificate_of_marketComputation'
  FAIL     OPEN.txt faf-cleanroom-open.V20aZm:566: duplicate entry 'Cleanroom.Fa.FaForcingTrader.exists_gridCertificate_of_marketComputation'
  FAIL     OPEN.txt faf-cleanroom-open.V20aZm:567: duplicate entry 'Cleanroom.Fa.FaForcingTrader.exists_twoMarket_legible_pair_genuine'
  FAIL     OPEN.txt faf-cleanroom-open.V20aZm:576: duplicate entry 'Cleanroom.Info.InfoVoiLatents.Open.natural_latents_approx'
  FAIL     OPEN.txt faf-cleanroom-open.V20aZm:577: duplicate entry 'Cleanroom.Info.InfoVoiLatents.Open.entropy_continuity'
  FAIL     OPEN.txt faf-cleanroom-open.V20aZm:581: duplicate entry 'Cleanroom.Trust.LegitLiRegister.horizon_idleness_grade_a_open'
  FAIL     OPEN.txt faf-cleanroom-open.V20aZm:582: duplicate entry 'Cleanroom.Trust.LegitLiRegister.horizon_idleness_fails_exists_open'
  FAIL     OPEN.txt faf-cleanroom-open.V20aZm:584: duplicate entry 'Cleanroom.Trust.LegitLiRegister.trace_nonrecoverable_li_open'
  FAIL     OPEN.txt faf-cleanroom-open.V20aZm:585: duplicate entry 'Cleanroom.Trust.LegitLiRegister.d3_identification_admissible_open'
  FAIL     OPEN.txt faf-cleanroom-open.V20aZm:586: duplicate entry 'Cleanroom.Trust.LegitLiRegister.schedule_leak_open'
  FAIL     OPEN.txt faf-cleanroom-open.V20aZm:587: duplicate entry 'Cleanroom.Trust.LegitLiRegister.gatedUpdate_fails_at_truthStar_open'
  FAIL     OPEN.txt faf-cleanroom-open.V20aZm:588: duplicate entry 'Cleanroom.Trust.LegitLiRegister.corrigible_selection_closure_open'
  FAIL     OPEN.txt faf-cleanroom-open.V20aZm:627: duplicate entry 'Cleanroom.Li.LiCoupledPair.A.twoWayPair_exists'
  FAIL     OPEN.txt faf-cleanroom-open.V20aZm:628: duplicate entry 'Cleanroom.Li.LiCoupledPair.twoWayPair_exists'
  FAIL     OPEN.txt faf-cleanroom-open.V20aZm:629: duplicate entry 'Cleanroom.Li.LiCoupledPair.A.sealedSystem_exists'
  FAIL     OPEN.txt faf-cleanroom-open.V20aZm:630: duplicate entry 'Cleanroom.Li.LiCoupledPair.sealedSystem_exists'
  FAIL     OPEN.txt faf-cleanroom-open.V20aZm:631: duplicate entry 'Cleanroom.Li.LiCoupledPair.B.exists_fuelDominated'
  FAIL     OPEN.txt faf-cleanroom-open.V20aZm:633: duplicate entry 'Cleanroom.Li.LiDiagonal.diagonal_sides_pseudorandom'
  FAIL     OPEN.txt faf-cleanroom-open.V20aZm:634: duplicate entry 'Cleanroom.Li.LiDiagonal.paper_kleene_exact_pinning'
  FAIL     OPEN.txt faf-cleanroom-open.V20aZm:635: duplicate entry 'Cleanroom.Li.LiDiagonal.blind_baseline_of_computable'
  FAIL     OPEN.txt faf-cleanroom-open.V20aZm:638: duplicate entry 'Cleanroom.Li.LiProjection.mirrorStreamRewriter'
  FAIL     OPEN.txt faf-cleanroom-open.V20aZm:639: duplicate entry 'Cleanroom.Li.LiProjection.affineComboRewriter'
  FAIL     OPEN.txt faf-cleanroom-open.V20aZm:641: duplicate entry 'Cleanroom.Li.LiProjection.project_isLogicalInductor'
  FAIL     OPEN.txt faf-cleanroom-open.V20aZm:642: duplicate entry 'Cleanroom.Li.LiProjection.project_const_isLogicalInductor'
  FAIL     OPEN.txt faf-cleanroom-open.V20aZm:643: duplicate entry 'Cleanroom.Li.LiProjection.underdetermination_fresh_atom'
  FAIL     OPEN.txt faf-cleanroom-open.V20aZm:644: duplicate entry 'Cleanroom.Li.LiProjection.underdetermination_fresh_atom_exists'
  FAIL     OPEN.txt faf-cleanroom-open.V20aZm:645: duplicate entry 'Cleanroom.Li.LiProjection.underdetermination_ledger'
  FAIL     OPEN.txt faf-cleanroom-open.V20aZm:646: duplicate entry 'Cleanroom.Li.LiProjection.underdetermination_daySet'
  FAIL     OPEN.txt faf-cleanroom-open.V20aZm:647: duplicate entry 'Cleanroom.Li.LiProjection.achievable_limits_fresh_atom_rat'
  FAIL     OPEN.txt faf-cleanroom-open.V20aZm:648: duplicate entry 'Cleanroom.Li.LiProjection.jeffrey_steering_finiteJumps'
  FAIL     OPEN.txt faf-cleanroom-open.V20aZm:649: duplicate entry 'Cleanroom.Li.LiProjection.paperProjection'
  FAIL     OPEN.txt faf-cleanroom-open.V20aZm:650: duplicate entry 'Cleanroom.Li.LiProjection.liaProjection'
  FAIL     OPEN.txt faf-cleanroom-open.V20aZm:651: duplicate entry 'Cleanroom.Li.LiProjection.paperLedgerProjection'
  FAIL     OPEN.txt faf-cleanroom-open.V20aZm:652: duplicate entry 'Cleanroom.Li.LiProjection.paperAchievableLimits'
  FAIL     OPEN.txt faf-cleanroom-open.V20aZm:653: duplicate entry 'Cleanroom.Li.LiProjection.u1_u2_inductor'
  FAIL     OPEN.txt faf-cleanroom-open.V20aZm:654: duplicate entry 'Cleanroom.Li.LiProjection.paperU1U2'
  FAIL     OPEN.txt faf-cleanroom-open.V20aZm:655: duplicate entry 'Cleanroom.Li.LiProjection.paperU1U2_half_sameDay'
  FAIL     OPEN.txt faf-cleanroom-open.V20aZm:658: duplicate entry 'Cleanroom.Li.LiProjection.numeralSubst_code_computable'
  FAIL     OPEN.txt faf-cleanroom-open.V20aZm:659: duplicate entry 'Cleanroom.Li.LiProjection.conditioned_record_not_injective'
  FAIL     OPEN.txt faf-cleanroom-open.V20aZm:660: duplicate entry 'Cleanroom.Li.LiProjection.conditioned_limitRecord_not_injective'
  FAIL     OPEN.txt faf-cleanroom-open.V20aZm:661: duplicate entry 'Cleanroom.Li.LiProjection.prescribe_prefix_exists'
  FAIL     OPEN.txt faf-cleanroom-open.V20aZm:662: duplicate entry 'Cleanroom.Li.LiProjection.multiplicity_entangled'
  FAIL     OPEN.txt faf-cleanroom-open.V20aZm:663: duplicate entry 'Cleanroom.Li.LiProjection.exact_marginal_exists'
  FAIL     OPEN.txt faf-cleanroom-open.V20aZm:664: duplicate entry 'Cleanroom.Li.LiProjection.finiteVariation_projection'
  FAIL     OPEN.txt faf-cleanroom-open.V20aZm:665: duplicate entry 'Cleanroom.Li.LiProjection.twoAtom_projection_exists'
  FAIL     OPEN.txt faf-cleanroom-open.V20aZm:670: duplicate entry 'Cleanroom.Li.LiPseudorandom.truthStar_computable'
  FAIL     OPEN.txt faf-cleanroom-open.V20aZm:671: duplicate entry 'Cleanroom.Li.LiPseudorandom.starDP_computable'
  FAIL     OPEN.txt faf-cleanroom-open.V20aZm:672: duplicate entry 'Cleanroom.Li.LiPseudorandom.truthStar_isLogicalInductor'
  FAIL     OPEN.txt faf-cleanroom-open.V20aZm:673: duplicate entry 'Cleanroom.Li.LiPseudorandom.truthStar_learned_of_computable'
  FAIL     OPEN.txt faf-cleanroom-open.V20aZm:676: duplicate entry 'Cleanroom.Found.LiQuoteLane.readability_fails_without_generability'
  FAIL     OPEN.txt faf-cleanroom-open.V20aZm:679: duplicate entry 'Cleanroom.Li.LiSpliceCondition.paperSplice_components_isLogicalInductor'
  FAIL     OPEN.txt faf-cleanroom-open.V20aZm:680: duplicate entry 'Cleanroom.Li.LiSpliceCondition.undecided_limit_is_prior_inductors'
  FAIL     OPEN.txt faf-cleanroom-open.V20aZm:682: duplicate entry 'Cleanroom.Li.LiSpliceCondition.translateStreamRewriter'
  FAIL     OPEN.txt faf-cleanroom-open.V20aZm:683: duplicate entry 'Cleanroom.Li.LiSpliceCondition.zeroOut_isLogicalInductor'
  FAIL     OPEN.txt faf-cleanroom-open.V20aZm:684: duplicate entry 'Cleanroom.Li.LiSpliceCondition.reprice_isLogicalInductor'
  FAIL     OPEN.txt faf-cleanroom-open.V20aZm:685: duplicate entry 'Cleanroom.Li.LiSpliceCondition.paperZeroOut'
  FAIL     OPEN.txt faf-cleanroom-open.V20aZm:686: duplicate entry 'Cleanroom.Li.LiSpliceCondition.paperReprice'
  FAIL     OPEN.txt faf-cleanroom-open.V20aZm:687: duplicate entry 'Cleanroom.Li.LiSpliceCondition.exists_inductor_pair_harmonic_disagreement'
  FAIL     OPEN.txt faf-cleanroom-open.V20aZm:688: duplicate entry 'Cleanroom.Li.LiSpliceCondition.exists_inductor_pos_on_refuted'
  FAIL     OPEN.txt faf-cleanroom-open.V20aZm:689: duplicate entry 'Cleanroom.Li.LiSpliceCondition.stale_finite_isLogicalInductor'
  FAIL     OPEN.txt faf-cleanroom-open.V20aZm:690: duplicate entry 'Cleanroom.Li.LiSpliceCondition.stale_infinite_isLogicalInductor'
  FAIL     OPEN.txt faf-cleanroom-open.V20aZm:692: duplicate entry 'Cleanroom.Li.LiSpliceCondition.truth_price_apart_iff_undecided'
  FAIL     OPEN.txt faf-cleanroom-open.V20aZm:693: duplicate entry 'Cleanroom.Li.LiSpliceCondition.ccLimit_realizedValue_summable'
  FAIL     OPEN.txt faf-cleanroom-open.V20aZm:694: duplicate entry 'Cleanroom.Li.LiSpliceCondition.splice_summable_conjecture'
  FAIL     OPEN.txt faf-cleanroom-open.V20aZm:697: duplicate entry 'Cleanroom.Lit.LitDdbFacts.prior_trust_value_all_nested_open'
  FAIL     OPEN.txt faf-cleanroom-open.V20aZm:699: duplicate entry 'Cleanroom.Lit.LitMdpCorrigible.Interrupt.thm8_sequence_form'
  FAIL     OPEN.txt faf-cleanroom-open.V20aZm:702: duplicate entry 'Cleanroom.Lit.LitShutdownPrefs.PostConsistency.posl_ilpacs_nontrivial_model_open'
  FAIL     OPEN.txt faf-cleanroom-open.V20aZm:704: duplicate entry 'Cleanroom.Lit.LitWeathersonFrames.totalTrust_imp_valueFinBdd_open'
  FAIL     OPEN.txt faf-cleanroom-open.V20aZm:707: duplicate entry 'Cleanroom.Trust.TrustMerge.li_aumann_failure_open'
  FAIL     OPEN.txt faf-cleanroom-open.V20aZm:708: duplicate entry 'Cleanroom.Trust.TrustMerge.li_nontransitivity_open'
  FAIL     OPEN.txt faf-cleanroom-open.V20aZm:798: duplicate entry 'Cleanroom.Udt.UdtInfluence101.ProfileModel.A5_ofDist_general'
  FAIL     OPEN.txt faf-cleanroom-open.V20aZm:807: duplicate entry 'Cleanroom.Udt.UdtSupercondition.geometricUpdate_klDiv_open'
  FAIL     OPEN.txt faf-cleanroom-open.V20aZm:808: duplicate entry 'Cleanroom.Uea.UeaColeShadow.Model.theoremC_log_open'
  FAIL     OPEN.txt faf-cleanroom-open.V20aZm:809: duplicate entry 'Cleanroom.Uea.UeaColeShadow.Model.pure_exists_open'
  FAIL     OPEN.txt faf-cleanroom-open.V20aZm:810: duplicate entry 'Cleanroom.Uea.UeaColeShadow.Model.pure_floored_exists_open'
  FAIL     OPEN.txt faf-cleanroom-open.V20aZm:811: duplicate entry 'Cleanroom.Uea.UeaSelfGame.Game.inclusion_open'
  FAIL     OPEN.txt faf-cleanroom-open.V20aZm:812: duplicate entry 'Cleanroom.Uea.UeaSelfGame.Game.floored_mixed_bound_open'
FAIL
EXIT 1
